2026-01-08 08:24:11 [INFO] - === 애플리케이션 시작 ===
2026-01-08 08:24:11 [INFO] - === 애플리케이션 시작 ===
2026-01-08 08:24:11 [INFO] - 사용자 지정 폰트 적용 완료: C:/law-dong\KoPubWorld Dotum Medium.ttf
2026-01-08 08:24:11 [INFO] - 사용자 지정 폰트 적용 완료: C:/law-dong\KoPubWorld Dotum Medium.ttf
2026-01-08 08:24:13 [INFO] - 사용자 지정 폰트 적용 완료: C:\law-dong\KoPubWorld Dotum Medium.ttf
2026-01-08 08:24:13 [INFO] - 사용자 지정 폰트 적용 완료: C:\law-dong\KoPubWorld Dotum Medium.ttf
2026-01-08 08:24:14 [INFO] - 사용자 지정 폰트 적용 완료: C:\law-dong\KoPubWorld Dotum Medium.ttf
2026-01-08 08:24:14 [INFO] - 사용자 지정 폰트 적용 완료: C:\law-dong\KoPubWorld Dotum Medium.ttf
2026-01-08 08:24:45 [INFO] - ====== WebDriver manager ======
2026-01-08 08:24:46 [INFO] - Get LATEST chromedriver version for google-chrome
2026-01-08 08:24:46 [INFO] - Get LATEST chromedriver version for google-chrome
2026-01-08 08:24:47 [INFO] - Driver [C:\Users\bbono\.wdm\drivers\chromedriver\win64\143.0.7499.192\chromedriver-win32/chromedriver.exe] found in cache
2026-01-08 08:25:18 [INFO] - === 파일 다운로드 시작 ===
2026-01-08 08:25:18 [INFO] - KB시세 파일 다운로드 시도...
2026-01-08 08:25:18 [INFO] - KB시세 버튼 찾기 성공: #시세 > div:nth-child(2) > div.f-row2-gap8 > button:nth-child(2)
2026-01-08 08:25:19 [INFO] - 클릭할 버튼 텍스트: 'KB시세 다운로드'
2026-01-08 08:25:19 [INFO] - KB시세 버튼 클릭 성공
2026-01-08 08:25:22 [INFO] - 실거래가 파일 다운로드 시도...
2026-01-08 08:25:25 [INFO] - 파일 이름 변경: 잠실엘스 과거시세.xlsx -> 잠실엘스_59m2.xlsx
2026-01-08 08:25:25 [INFO] - 다운로드 완료 - Chrome 브라우저 종료
2026-01-08 08:25:28 [INFO] - Chrome 브라우저 정상 종료됨
2026-01-08 08:25:30 [INFO] - 
=== 실거래가 데이터 요청 시작 ===
2026-01-08 08:25:30 [INFO] - 
=== 잠실동 아파트 목록 검색 시작 ===
2026-01-08 08:25:30 [INFO] - 발견된 아파트: 트리지움
2026-01-08 08:25:30 [INFO] - 주소정보: 잠실동 35 /  
2026-01-08 08:25:31 [INFO] - 발견된 아파트: 리센츠
2026-01-08 08:25:31 [INFO] - 주소정보: 잠실동 22 /  
2026-01-08 08:25:31 [INFO] - 발견된 아파트: 리센츠
2026-01-08 08:25:31 [INFO] - 발견된 아파트: 주공아파트 5단지
2026-01-08 08:25:31 [INFO] - 주소정보: 잠실동 27 /  
2026-01-08 08:25:31 [INFO] - 발견된 아파트: 아시아선수촌아파트
2026-01-08 08:25:31 [INFO] - 주소정보: 잠실동 86 /  
2026-01-08 08:25:31 [INFO] - 발견된 아파트: 우성아파트
2026-01-08 08:25:31 [INFO] - 주소정보: 잠실동 101-1 /  
2026-01-08 08:25:31 [INFO] - 발견된 아파트: 주공아파트 5단지
2026-01-08 08:25:31 [INFO] - 발견된 아파트: 우성아파트
2026-01-08 08:25:31 [INFO] - 발견된 아파트: 리센츠
2026-01-08 08:25:31 [INFO] - 발견된 아파트: 아시아선수촌아파트
2026-01-08 08:25:31 [INFO] - 발견된 아파트: 트리지움
2026-01-08 08:25:31 [INFO] - 발견된 아파트: 리센츠
2026-01-08 08:25:31 [INFO] - 발견된 아파트: 갤러리아팰리스
2026-01-08 08:25:31 [INFO] - 주소정보: 잠실동 40 /  
2026-01-08 08:25:31 [INFO] - 발견된 아파트: 주공아파트 5단지
2026-01-08 08:25:31 [INFO] - 발견된 아파트: 우성아파트
2026-01-08 08:25:31 [INFO] - 발견된 아파트: 앙시레이크타워
2026-01-08 08:25:31 [INFO] - 주소정보: 잠실동 305 /  
2026-01-08 08:25:31 [INFO] - 발견된 아파트: 리센츠
2026-01-08 08:25:31 [INFO] - 발견된 아파트: 주공아파트 5단지
2026-01-08 08:25:31 [INFO] - 발견된 아파트: 주공아파트 5단지
2026-01-08 08:25:31 [INFO] - 발견된 아파트: 리센츠
2026-01-08 08:25:31 [INFO] - 발견된 아파트: 주공아파트 5단지
2026-01-08 08:25:31 [INFO] - 발견된 아파트: 우성4차
2026-01-08 08:25:31 [INFO] - 주소정보: 잠실동 320 /  
2026-01-08 08:25:31 [INFO] - 발견된 아파트: 잠실엘스
2026-01-08 08:25:31 [INFO] - 주소정보: 잠실동 19 /  
2026-01-08 08:25:31 [INFO] - 발견된 아파트: 주공아파트 5단지
2026-01-08 08:25:31 [INFO] - 발견된 아파트: 주공아파트 5단지
2026-01-08 08:25:31 [INFO] - 발견된 아파트: 잠실엘스
2026-01-08 08:25:31 [INFO] - 발견된 아파트: 잠실엘스
2026-01-08 08:25:31 [INFO] - 발견된 아파트: 주공아파트 5단지
2026-01-08 08:25:31 [INFO] - 발견된 아파트: 주공아파트 5단지
2026-01-08 08:25:31 [INFO] - 발견된 아파트: 갤러리아팰리스
2026-01-08 08:25:31 [INFO] - 발견된 아파트: 주공아파트 5단지
2026-01-08 08:25:31 [INFO] - 발견된 아파트: 주공아파트 5단지
2026-01-08 08:25:31 [INFO] - 발견된 아파트: 아시아선수촌아파트
2026-01-08 08:25:31 [INFO] - 발견된 아파트: 주공아파트 5단지
2026-01-08 08:25:31 [INFO] - 발견된 아파트: 잠실포스코더샵
2026-01-08 08:25:31 [INFO] - 주소정보: 잠실동 336-5 /  
2026-01-08 08:25:31 [INFO] - 발견된 아파트: 우성4차
2026-01-08 08:25:31 [INFO] - 발견된 아파트: 레이크팰리스
2026-01-08 08:25:31 [INFO] - 주소정보: 잠실동 44 /  
2026-01-08 08:25:31 [INFO] - 발견된 아파트: 갤러리아팰리스
2026-01-08 08:25:31 [INFO] - 발견된 아파트: 우성아파트
2026-01-08 08:25:31 [INFO] - 발견된 아파트: 주공아파트 5단지
2026-01-08 08:25:31 [INFO] - 발견된 아파트: 주공아파트 5단지
2026-01-08 08:25:31 [INFO] - 발견된 아파트: 주공아파트 5단지
2026-01-08 08:25:31 [INFO] - 발견된 아파트: 잠실엘스
2026-01-08 08:25:31 [INFO] - 발견된 아파트: 갤러리아팰리스
2026-01-08 08:25:31 [INFO] - 발견된 아파트: 리센츠
2026-01-08 08:25:31 [INFO] - 발견된 아파트: 주공아파트 5단지
2026-01-08 08:25:31 [INFO] - 발견된 아파트: 잠실엘스
2026-01-08 08:25:31 [INFO] - 발견된 아파트: 주공아파트 5단지
2026-01-08 08:25:31 [INFO] - 발견된 아파트: 리센츠
2026-01-08 08:25:31 [INFO] - 발견된 아파트: 트리지움
2026-01-08 08:25:31 [INFO] - 발견된 아파트: 우성4차
2026-01-08 08:25:31 [INFO] - 발견된 아파트: 주공아파트 5단지
2026-01-08 08:25:31 [INFO] - 발견된 아파트: 주공아파트 5단지
2026-01-08 08:25:31 [INFO] - 발견된 아파트: 주공아파트 5단지
2026-01-08 08:25:31 [INFO] - 발견된 아파트: 리센츠
2026-01-08 08:25:31 [INFO] - 발견된 아파트: 트리지움
2026-01-08 08:25:31 [INFO] - 발견된 아파트: 갤러리아팰리스
2026-01-08 08:25:31 [INFO] - 발견된 아파트: 잠실엘스
2026-01-08 08:25:31 [INFO] - 발견된 아파트: 리센츠
2026-01-08 08:25:31 [INFO] - 발견된 아파트: 갤러리아팰리스
2026-01-08 08:25:31 [INFO] - 발견된 아파트: 리센츠
2026-01-08 08:25:31 [INFO] - 발견된 아파트: 주공아파트 5단지
2026-01-08 08:25:31 [INFO] - 발견된 아파트: 리센츠
2026-01-08 08:25:31 [INFO] - 발견된 아파트: 주공아파트 5단지
2026-01-08 08:25:31 [INFO] - 발견된 아파트: 우성4차
2026-01-08 08:25:31 [INFO] - 발견된 아파트: 잠실엘스
2026-01-08 08:25:31 [INFO] - 발견된 아파트: 잠실엘스
2026-01-08 08:25:31 [INFO] - 발견된 아파트: 아시아선수촌아파트
2026-01-08 08:25:31 [INFO] - 발견된 아파트: 잠실엘스
2026-01-08 08:25:31 [INFO] - 발견된 아파트: 우성아파트
2026-01-08 08:25:31 [INFO] - 발견된 아파트: 잠실포스코더샵
2026-01-08 08:25:31 [INFO] - 발견된 아파트: 우성아파트
2026-01-08 08:25:31 [INFO] - 발견된 아파트: 트리지움
2026-01-08 08:25:31 [INFO] - 발견된 아파트: 트리지움
2026-01-08 08:25:31 [INFO] - 발견된 아파트: 잠실엘스
2026-01-08 08:25:31 [INFO] - 발견된 아파트: 리센츠
2026-01-08 08:25:31 [INFO] - 발견된 아파트: 갤러리아팰리스
2026-01-08 08:25:31 [INFO] - 발견된 아파트: 트리지움
2026-01-08 08:25:31 [INFO] - 발견된 아파트: 리센츠
2026-01-08 08:25:31 [INFO] - 발견된 아파트: 주공아파트 5단지
2026-01-08 08:25:31 [INFO] - 발견된 아파트: 주공아파트 5단지
2026-01-08 08:25:31 [INFO] - 발견된 아파트: 잠실엘스
2026-01-08 08:25:31 [INFO] - 발견된 아파트: 잠실엘스
2026-01-08 08:25:31 [INFO] - 발견된 아파트: 갤러리아팰리스
2026-01-08 08:25:31 [INFO] - 발견된 아파트: 리센츠
2026-01-08 08:25:31 [INFO] - 발견된 아파트: 우성아파트
2026-01-08 08:25:31 [INFO] - 발견된 아파트: 우성아파트
2026-01-08 08:25:31 [INFO] - 발견된 아파트: 리센츠
2026-01-08 08:25:31 [INFO] - 발견된 아파트: 주공아파트 5단지
2026-01-08 08:25:31 [INFO] - 발견된 아파트: 트리지움
2026-01-08 08:25:31 [INFO] - 발견된 아파트: 트리지움
2026-01-08 08:25:31 [INFO] - 발견된 아파트: 잠실엘스
2026-01-08 08:25:31 [INFO] - 발견된 아파트: 우성아파트
2026-01-08 08:25:31 [INFO] - 발견된 아파트: 잠실엘스
2026-01-08 08:25:31 [INFO] - 발견된 아파트: 잠실엘스
2026-01-08 08:25:31 [INFO] - 발견된 아파트: 주공아파트 5단지
2026-01-08 08:25:31 [INFO] - 발견된 아파트: 우성아파트
2026-01-08 08:25:31 [INFO] - 발견된 아파트: 트리지움
2026-01-08 08:25:31 [INFO] - 발견된 아파트: 잠실엘스
2026-01-08 08:25:31 [INFO] - 총 11개 아파트 발견
2026-01-08 08:25:31 [INFO] - - 갤러리아팰리스 [  / 잠실동 40]
2026-01-08 08:25:31 [INFO] - - 레이크팰리스 [  / 잠실동 44]
2026-01-08 08:25:31 [INFO] - - 리센츠 [  / 잠실동 22]
2026-01-08 08:25:31 [INFO] - - 아시아선수촌아파트 [  / 잠실동 86]
2026-01-08 08:25:31 [INFO] - - 앙시레이크타워 [  / 잠실동 305]
2026-01-08 08:25:31 [INFO] - - 우성4차 [  / 잠실동 320]
2026-01-08 08:25:31 [INFO] - - 우성아파트 [  / 잠실동 101-1]
2026-01-08 08:25:31 [INFO] - - 잠실엘스 [  / 잠실동 19]
2026-01-08 08:25:31 [INFO] - - 잠실포스코더샵 [  / 잠실동 336-5]
2026-01-08 08:25:31 [INFO] - - 주공아파트 5단지 [  / 잠실동 27]
2026-01-08 08:25:31 [INFO] - - 트리지움 [  / 잠실동 35]
2026-01-08 08:27:01 [INFO] - 전저점 발견: 156
2026-01-08 08:27:01 [INFO] - 전저점 가격: 69,500
2026-01-08 08:27:01 [INFO] - 전저점 날짜: 2012-12-01 00:00:00
